2026-09-26T20:17:50.242Z INFO GET /api/products?page=0 200 10ms
2026-09-26T20:17:50.246Z INFO GET /api/products?page=1 200 11ms
2026-09-26T20:17:50.246Z INFO GET /api/products?page=2 200 12ms
2026-09-26T20:17:50.246Z INFO GET /api/products?page=3 200 13ms
2026-09-26T20:17:50.246Z INFO GET /api/products?page=4 200 14ms
2026-09-26T20:17:50.246Z INFO GET /api/products?page=5 200 15ms
2026-09-26T20:17:50.246Z INFO GET /api/products?page=6 200 16ms
2026-09-26T20:17:50.246Z INFO GET /api/products?page=0 200 17ms
2026-09-26T20:17:50.247Z INFO GET /api/products?page=1 200 18ms
2026-09-26T20:17:50.247Z INFO GET /api/products?page=2 200 19ms
2026-09-26T20:17:50.247Z INFO GET /api/products?page=3 200 20ms
2026-09-26T20:17:50.247Z INFO GET /api/products?page=4 200 21ms
2026-09-26T20:17:50.247Z INFO GET /api/products?page=5 200 22ms
2026-09-26T20:17:50.247Z INFO GET /api/products?page=6 200 10ms
2026-09-26T20:17:50.247Z INFO GET /api/products?page=0 200 11ms
2026-09-26T20:17:50.247Z INFO GET /api/products?page=1 200 12ms
2026-09-26T20:17:50.247Z INFO GET /api/products?page=2 200 13ms
2026-09-26T20:17:50.247Z INFO GET /api/products?page=3 200 14ms
2026-09-26T20:17:50.247Z INFO GET /api/products?page=4 200 15ms
2026-09-26T20:17:50.247Z INFO GET /api/products?page=5 200 16ms
2026-09-26T20:17:50.247Z INFO GET /api/products?page=6 200 17ms
2026-09-26T20:17:50.247Z INFO GET /api/products?page=0 200 18ms
2026-09-26T20:17:50.247Z INFO GET /api/products?page=1 200 19ms
2026-09-26T20:17:50.247Z INFO GET /api/products?page=2 200 20ms
2026-09-26T20:17:50.247Z INFO GET /api/products?page=3 200 21ms
2026-09-26T20:17:50.248Z INFO GET /api/products?page=4 200 22ms
2026-09-26T20:17:50.248Z INFO GET /api/products?page=5 200 10ms
2026-09-26T20:17:50.248Z INFO GET /api/products?page=6 200 11ms
2026-09-26T20:17:50.248Z INFO GET /api/products?page=0 200 12ms
2026-09-26T20:17:50.248Z INFO GET /api/products?page=1 200 13ms
2026-09-26T20:17:50.248Z INFO GET /api/products?page=2 200 14ms
2026-09-26T20:17:50.248Z INFO GET /api/products?page=3 200 15ms
2026-09-26T20:17:50.248Z INFO GET /api/products?page=4 200 16ms
2026-09-26T20:17:50.248Z INFO GET /api/products?page=5 200 17ms
2026-09-26T20:17:50.248Z INFO GET /api/products?page=6 200 18ms
2026-09-26T20:17:50.248Z INFO GET /api/products?page=0 200 19ms
2026-09-26T20:17:50.248Z INFO GET /api/products?page=1 200 20ms
2026-09-26T20:17:50.248Z INFO GET /api/products?page=2 200 21ms
2026-09-26T20:17:50.248Z INFO GET /api/products?page=3 200 22ms
2026-09-26T20:17:50.248Z INFO GET /api/products?page=4 200 10ms
2026-09-26T20:17:50.248Z INFO GET /api/products?page=5 200 11ms
2026-09-26T20:17:50.248Z INFO GET /api/products?page=6 200 12ms
2026-09-26T20:17:50.248Z INFO GET /api/products?page=0 200 13ms
2026-09-26T20:17:50.248Z INFO GET /api/products?page=1 200 14ms
2026-09-26T20:17:50.248Z INFO GET /api/products?page=2 200 15ms
2026-09-26T20:17:50.248Z INFO GET /api/products?page=3 200 16ms
2026-09-26T20:17:50.248Z INFO GET /api/products?page=4 200 17ms
2026-09-26T20:17:50.248Z INFO GET /api/products?page=5 200 18ms
2026-09-26T20:17:50.248Z INFO GET /api/products?page=6 200 19ms
2026-09-26T20:17:50.248Z INFO GET /api/products?page=0 200 20ms
2026-09-26T20:17:50.248Z INFO GET /api/products?page=1 200 21ms
2026-09-26T20:17:50.248Z INFO GET /api/products?page=2 200 22ms
2026-09-26T20:17:50.248Z INFO GET /api/products?page=3 200 10ms
2026-09-26T20:17:50.248Z INFO GET /api/products?page=4 200 11ms
2026-09-26T20:17:50.248Z INFO GET /api/products?page=5 200 12ms
2026-09-26T20:17:50.248Z INFO GET /api/products?page=6 200 13ms
2026-09-26T20:17:50.248Z INFO GET /api/products?page=0 200 14ms
2026-09-26T20:17:50.248Z INFO GET /api/products?page=1 200 15ms
2026-09-26T20:17:50.248Z INFO GET /api/products?page=2 200 16ms
2026-09-26T20:17:50.248Z INFO GET /api/products?page=3 200 17ms
2026-09-26T20:17:50.248Z INFO GET /api/products?page=4 200 18ms
2026-09-26T20:17:50.248Z INFO GET /api/products?page=5 200 19ms
2026-09-26T20:17:50.248Z INFO GET /api/products?page=6 200 20ms
2026-09-26T20:17:50.248Z INFO GET /api/products?page=0 200 21ms
2026-09-26T20:17:50.248Z INFO GET /api/products?page=1 200 22ms
2026-09-26T20:17:50.248Z INFO GET /api/products?page=2 200 10ms
2026-09-26T20:17:50.248Z INFO GET /api/products?page=3 200 11ms
2026-09-26T20:17:50.248Z INFO GET /api/products?page=4 200 12ms
2026-09-26T20:17:50.248Z INFO GET /api/products?page=5 200 13ms
2026-09-26T20:17:50.248Z INFO GET /api/products?page=6 200 14ms
2026-09-26T20:17:50.248Z INFO GET /api/products?page=0 200 15ms
2026-09-26T20:17:50.248Z INFO GET /api/products?page=1 200 16ms
2026-09-26T20:17:50.248Z INFO GET /api/products?page=2 200 17ms
2026-09-26T20:17:50.248Z INFO GET /api/products?page=3 200 18ms
2026-09-26T20:17:50.248Z INFO GET /api/products?page=4 200 19ms
2026-09-26T20:17:50.248Z INFO GET /api/products?page=5 200 20ms
2026-09-26T20:17:50.248Z INFO GET /api/products?page=6 200 21ms
2026-09-26T20:17:50.248Z INFO GET /api/products?page=0 200 22ms
2026-09-26T20:17:50.248Z INFO GET /api/products?page=1 200 10ms
2026-09-26T20:17:50.248Z INFO GET /api/products?page=2 200 11ms
2026-09-26T20:17:50.248Z INFO GET /api/products?page=3 200 12ms
2026-09-26T20:17:50.248Z INFO GET /api/products?page=4 200 13ms
2026-09-26T20:17:50.248Z INFO GET /api/products?page=5 200 14ms
2026-09-26T20:17:50.248Z INFO GET /api/products?page=6 200 15ms
2026-09-26T20:17:50.248Z INFO GET /api/products?page=0 200 16ms
2026-09-26T20:17:50.248Z INFO GET /api/products?page=1 200 17ms
2026-09-26T20:17:50.248Z INFO GET /api/products?page=2 200 18ms
2026-09-26T20:17:50.248Z INFO GET /api/products?page=3 200 19ms
2026-09-26T20:17:50.248Z INFO GET /api/products?page=4 200 20ms
2026-09-26T20:17:50.248Z INFO GET /api/products?page=5 200 21ms
2026-09-26T20:17:50.248Z INFO GET /api/products?page=6 200 22ms
2026-09-26T20:17:50.248Z INFO GET /api/products?page=0 200 10ms
2026-09-26T20:17:50.248Z INFO GET /api/products?page=1 200 11ms
2026-09-26T20:17:50.248Z INFO GET /api/products?page=2 200 12ms
2026-09-26T20:17:50.248Z INFO GET /api/products?page=3 200 13ms
2026-09-26T20:17:50.248Z INFO GET /api/products?page=4 200 14ms
2026-09-26T20:17:50.248Z INFO GET /api/products?page=5 200 15ms
2026-09-26T20:17:50.248Z INFO GET /api/products?page=6 200 16ms
2026-09-26T20:17:50.248Z INFO GET /api/products?page=0 200 17ms
2026-09-26T20:17:50.248Z INFO GET /api/products?page=1 200 18ms
2026-09-26T20:17:50.248Z INFO GET /api/products?page=2 200 19ms
2026-09-26T20:17:50.248Z INFO GET /api/products?page=3 200 20ms
2026-09-26T20:17:50.248Z INFO GET /api/products?page=4 200 21ms
2026-09-26T20:17:50.248Z INFO GET /api/products?page=5 200 22ms
2026-09-26T20:17:50.248Z INFO GET /api/products?page=6 200 10ms
2026-09-26T20:17:50.248Z INFO GET /api/products?page=0 200 11ms
2026-09-26T20:17:50.248Z INFO GET /api/products?page=1 200 12ms
2026-09-26T20:17:50.248Z INFO GET /api/products?page=2 200 13ms
2026-09-26T20:17:50.248Z INFO GET /api/products?page=3 200 14ms
2026-09-26T20:17:50.248Z INFO GET /api/products?page=4 200 15ms
2026-09-26T20:17:50.248Z INFO GET /api/products?page=5 200 16ms
2026-09-26T20:17:50.248Z INFO GET /api/products?page=6 200 17ms
2026-09-26T20:17:50.248Z INFO GET /api/products?page=0 200 18ms
2026-09-26T20:17:50.248Z INFO GET /api/products?page=1 200 19ms
2026-09-26T20:17:50.248Z INFO GET /api/products?page=2 200 20ms
2026-09-26T20:17:50.248Z INFO GET /api/products?page=3 200 21ms
2026-09-26T20:17:50.248Z INFO GET /api/products?page=4 200 22ms
2026-09-26T20:17:50.248Z INFO GET /api/products?page=5 200 10ms
2026-09-26T20:17:50.249Z INFO GET /api/products?page=6 200 11ms
2026-09-26T20:17:50.249Z INFO GET /api/products?page=0 200 12ms
2026-09-26T20:17:50.249Z INFO GET /api/products?page=1 200 13ms
2026-09-26T20:17:50.249Z INFO GET /api/products?page=2 200 14ms
2026-09-26T20:17:50.249Z INFO GET /api/products?page=3 200 15ms
2026-09-26T20:17:50.249Z INFO GET /api/products?page=4 200 16ms
2026-09-26T20:17:50.249Z INFO GET /api/products?page=5 200 17ms
2026-09-26T20:17:50.249Z INFO GET /api/products?page=6 200 18ms
2026-09-26T20:17:50.249Z INFO GET /api/products?page=0 200 19ms
2026-09-26T20:17:50.249Z INFO GET /api/products?page=1 200 20ms
2026-09-26T20:17:50.249Z INFO GET /api/products?page=2 200 21ms
2026-09-26T20:17:50.249Z INFO GET /api/products?page=3 200 22ms
2026-09-26T20:17:50.249Z INFO GET /api/products?page=4 200 10ms
2026-09-26T20:17:50.249Z INFO GET /api/products?page=5 200 11ms
2026-09-26T20:17:50.249Z INFO GET /api/products?page=6 200 12ms
2026-09-26T20:17:50.249Z INFO GET /api/products?page=0 200 13ms
2026-09-26T20:17:50.249Z INFO GET /api/products?page=1 200 14ms
2026-09-26T20:17:50.249Z INFO GET /api/products?page=2 200 15ms
2026-09-26T20:17:50.249Z INFO GET /api/products?page=3 200 16ms
2026-09-26T20:17:50.249Z INFO GET /api/products?page=4 200 17ms
2026-09-26T20:17:50.249Z INFO GET /api/products?page=5 200 18ms
2026-09-26T20:17:50.249Z INFO GET /api/products?page=6 200 19ms
2026-09-26T20:17:50.249Z INFO GET /api/products?page=0 200 20ms
2026-09-26T20:17:50.249Z INFO GET /api/products?page=1 200 21ms
2026-09-26T20:17:50.249Z INFO GET /api/products?page=2 200 22ms
2026-09-26T20:17:50.249Z INFO GET /api/products?page=3 200 10ms
2026-09-26T20:17:50.249Z INFO GET /api/products?page=4 200 11ms
2026-09-26T20:17:50.249Z INFO GET /api/products?page=5 200 12ms
2026-09-26T20:17:50.249Z INFO GET /api/products?page=6 200 13ms
2026-09-26T20:17:50.249Z INFO GET /api/products?page=0 200 14ms
2026-09-26T20:17:50.249Z INFO GET /api/products?page=1 200 15ms
2026-09-26T20:17:50.249Z INFO GET /api/products?page=2 200 16ms
2026-09-26T20:17:50.249Z INFO GET /api/products?page=3 200 17ms
2026-09-26T20:17:50.249Z INFO GET /api/products?page=4 200 18ms
2026-09-26T20:17:50.249Z INFO GET /api/products?page=5 200 19ms
2026-09-26T20:17:50.249Z INFO GET /api/products?page=6 200 20ms
2026-09-26T20:17:50.249Z INFO GET /api/products?page=0 200 21ms
2026-09-26T20:17:50.249Z INFO GET /api/products?page=1 200 22ms
2026-09-26T20:17:50.249Z INFO GET /api/products?page=2 200 10ms
2026-09-26T20:17:50.249Z INFO GET /api/products?page=3 200 11ms
2026-09-26T20:17:50.249Z INFO GET /api/products?page=4 200 12ms
2026-09-26T20:17:50.249Z INFO GET /api/products?page=5 200 13ms
2026-09-26T20:17:50.249Z INFO GET /api/products?page=6 200 14ms
2026-09-26T20:17:50.249Z INFO GET /api/products?page=0 200 15ms
2026-09-26T20:17:50.249Z INFO GET /api/products?page=1 200 16ms
2026-09-26T20:17:50.249Z INFO GET /api/products?page=2 200 17ms
2026-09-26T20:17:50.249Z INFO GET /api/products?page=3 200 18ms
2026-09-26T20:17:50.249Z INFO GET /api/products?page=4 200 19ms
2026-09-26T20:17:50.249Z INFO GET /api/products?page=5 200 20ms
2026-09-26T20:17:50.249Z INFO GET /api/products?page=6 200 21ms
2026-09-26T20:17:50.249Z INFO GET /api/products?page=0 200 22ms
2026-09-26T20:17:50.249Z INFO GET /api/products?page=1 200 10ms
2026-09-26T20:17:50.249Z INFO GET /api/products?page=2 200 11ms
2026-09-26T20:17:50.249Z INFO GET /api/products?page=3 200 12ms
2026-09-26T20:17:50.249Z INFO GET /api/products?page=4 200 13ms
2026-09-26T20:17:50.249Z INFO GET /api/products?page=5 200 14ms
2026-09-26T20:17:50.249Z INFO GET /api/products?page=6 200 15ms
2026-09-26T20:17:50.249Z INFO GET /api/products?page=0 200 16ms
2026-09-26T20:17:50.249Z INFO GET /api/products?page=1 200 17ms
2026-09-26T20:17:50.249Z INFO GET /api/products?page=2 200 18ms
2026-09-26T20:17:50.249Z INFO GET /api/products?page=3 200 19ms
2026-09-26T20:17:50.249Z INFO GET /api/products?page=4 200 20ms
2026-09-26T20:17:50.249Z WARN pool nearly exhausted: 18/20 connections in use
2026-09-26T20:17:50.249Z ERROR db query failed
TypeError: Cannot read properties of null (reading 'query')
    at Object.<anonymous> (/home/dev/app/node/logs.js:4:12)
    at Module._compile (node:internal/modules/cjs/loader:1521:14)
    at Module._extensions..js (node:internal/modules/cjs/loader:1623:10)
    at Module.load (node:internal/modules/cjs/loader:1266:32)
    at Module._load (node:internal/modules/cjs/loader:1091:12)
    at Function.executeUserEntryPoint [as runMain] (node:internal/modules/run_main:164:12)
    at node:internal/main/run_main_module:28:49
2026-09-26T20:17:50.249Z INFO GET /api/cart 200 8ms
2026-09-26T20:17:50.249Z INFO GET /api/cart 200 9ms
2026-09-26T20:17:50.249Z INFO GET /api/cart 200 10ms
2026-09-26T20:17:50.249Z INFO GET /api/cart 200 11ms
2026-09-26T20:17:50.249Z INFO GET /api/cart 200 12ms
2026-09-26T20:17:50.249Z INFO GET /api/cart 200 8ms
2026-09-26T20:17:50.249Z INFO GET /api/cart 200 9ms
2026-09-26T20:17:50.249Z INFO GET /api/cart 200 10ms
2026-09-26T20:17:50.249Z INFO GET /api/cart 200 11ms
2026-09-26T20:17:50.249Z INFO GET /api/cart 200 12ms
2026-09-26T20:17:50.249Z INFO GET /api/cart 200 8ms
2026-09-26T20:17:50.249Z INFO GET /api/cart 200 9ms
2026-09-26T20:17:50.249Z INFO GET /api/cart 200 10ms
2026-09-26T20:17:50.249Z INFO GET /api/cart 200 11ms
2026-09-26T20:17:50.249Z INFO GET /api/cart 200 12ms
2026-09-26T20:17:50.249Z INFO GET /api/cart 200 8ms
2026-09-26T20:17:50.249Z INFO GET /api/cart 200 9ms
2026-09-26T20:17:50.249Z INFO GET /api/cart 200 10ms
2026-09-26T20:17:50.249Z INFO GET /api/cart 200 11ms
2026-09-26T20:17:50.249Z INFO GET /api/cart 200 12ms
2026-09-26T20:17:50.249Z INFO GET /api/cart 200 8ms
2026-09-26T20:17:50.250Z INFO GET /api/cart 200 9ms
2026-09-26T20:17:50.250Z INFO GET /api/cart 200 10ms
2026-09-26T20:17:50.250Z INFO GET /api/cart 200 11ms
2026-09-26T20:17:50.250Z INFO GET /api/cart 200 12ms
2026-09-26T20:17:50.250Z INFO GET /api/cart 200 8ms
2026-09-26T20:17:50.250Z INFO GET /api/cart 200 9ms
2026-09-26T20:17:50.250Z INFO GET /api/cart 200 10ms
2026-09-26T20:17:50.250Z INFO GET /api/cart 200 11ms
2026-09-26T20:17:50.250Z INFO GET /api/cart 200 12ms
2026-09-26T20:17:50.250Z INFO GET /api/cart 200 8ms
2026-09-26T20:17:50.250Z INFO GET /api/cart 200 9ms
2026-09-26T20:17:50.250Z INFO GET /api/cart 200 10ms
2026-09-26T20:17:50.250Z INFO GET /api/cart 200 11ms
2026-09-26T20:17:50.250Z INFO GET /api/cart 200 12ms
2026-09-26T20:17:50.250Z INFO GET /api/cart 200 8ms
2026-09-26T20:17:50.250Z INFO GET /api/cart 200 9ms
2026-09-26T20:17:50.250Z INFO GET /api/cart 200 10ms
2026-09-26T20:17:50.250Z INFO GET /api/cart 200 11ms
2026-09-26T20:17:50.250Z INFO GET /api/cart 200 12ms
2026-09-26T20:17:50.250Z INFO GET /api/cart 200 8ms
2026-09-26T20:17:50.250Z INFO GET /api/cart 200 9ms
2026-09-26T20:17:50.250Z INFO GET /api/cart 200 10ms
2026-09-26T20:17:50.250Z INFO GET /api/cart 200 11ms
2026-09-26T20:17:50.250Z INFO GET /api/cart 200 12ms
2026-09-26T20:17:50.250Z INFO GET /api/cart 200 8ms
2026-09-26T20:17:50.250Z INFO GET /api/cart 200 9ms
2026-09-26T20:17:50.250Z INFO GET /api/cart 200 10ms
2026-09-26T20:17:50.250Z INFO GET /api/cart 200 11ms
2026-09-26T20:17:50.250Z INFO GET /api/cart 200 12ms
2026-09-26T20:17:50.250Z INFO GET /api/cart 200 8ms
2026-09-26T20:17:50.250Z INFO GET /api/cart 200 9ms
2026-09-26T20:17:50.250Z INFO GET /api/cart 200 10ms
2026-09-26T20:17:50.250Z INFO GET /api/cart 200 11ms
2026-09-26T20:17:50.250Z INFO GET /api/cart 200 12ms
2026-09-26T20:17:50.250Z INFO GET /api/cart 200 8ms
2026-09-26T20:17:50.250Z INFO GET /api/cart 200 9ms
2026-09-26T20:17:50.250Z INFO GET /api/cart 200 10ms
2026-09-26T20:17:50.250Z INFO GET /api/cart 200 11ms
2026-09-26T20:17:50.250Z INFO GET /api/cart 200 12ms
2026-09-26T20:17:50.250Z INFO GET /api/cart 200 8ms
2026-09-26T20:17:50.250Z INFO GET /api/cart 200 9ms
2026-09-26T20:17:50.250Z INFO GET /api/cart 200 10ms
2026-09-26T20:17:50.250Z INFO GET /api/cart 200 11ms
2026-09-26T20:17:50.250Z INFO GET /api/cart 200 12ms
2026-09-26T20:17:50.250Z INFO GET /api/cart 200 8ms
2026-09-26T20:17:50.250Z INFO GET /api/cart 200 9ms
2026-09-26T20:17:50.250Z INFO GET /api/cart 200 10ms
2026-09-26T20:17:50.250Z INFO GET /api/cart 200 11ms
2026-09-26T20:17:50.250Z INFO GET /api/cart 200 12ms
2026-09-26T20:17:50.250Z INFO GET /api/cart 200 8ms
2026-09-26T20:17:50.250Z INFO GET /api/cart 200 9ms
2026-09-26T20:17:50.250Z INFO GET /api/cart 200 10ms
2026-09-26T20:17:50.250Z INFO GET /api/cart 200 11ms
2026-09-26T20:17:50.250Z INFO GET /api/cart 200 12ms
2026-09-26T20:17:50.250Z INFO GET /api/cart 200 8ms
2026-09-26T20:17:50.250Z INFO GET /api/cart 200 9ms
2026-09-26T20:17:50.250Z INFO GET /api/cart 200 10ms
2026-09-26T20:17:50.250Z INFO GET /api/cart 200 11ms
2026-09-26T20:17:50.250Z INFO GET /api/cart 200 12ms
2026-09-26T20:17:50.250Z INFO GET /api/cart 200 8ms
2026-09-26T20:17:50.250Z INFO GET /api/cart 200 9ms
2026-09-26T20:17:50.250Z INFO GET /api/cart 200 10ms
2026-09-26T20:17:50.250Z INFO GET /api/cart 200 11ms
2026-09-26T20:17:50.250Z INFO GET /api/cart 200 12ms
2026-09-26T20:17:50.250Z INFO GET /api/cart 200 8ms
2026-09-26T20:17:50.250Z INFO GET /api/cart 200 9ms
2026-09-26T20:17:50.250Z INFO GET /api/cart 200 10ms
2026-09-26T20:17:50.250Z INFO GET /api/cart 200 11ms
2026-09-26T20:17:50.250Z INFO GET /api/cart 200 12ms
2026-09-26T20:17:50.250Z INFO GET /api/cart 200 8ms
2026-09-26T20:17:50.250Z INFO GET /api/cart 200 9ms
2026-09-26T20:17:50.250Z INFO GET /api/cart 200 10ms
2026-09-26T20:17:50.250Z INFO GET /api/cart 200 11ms
2026-09-26T20:17:50.250Z INFO GET /api/cart 200 12ms
2026-09-26T20:17:50.250Z INFO GET /api/cart 200 8ms
2026-09-26T20:17:50.250Z INFO GET /api/cart 200 9ms
2026-09-26T20:17:50.250Z INFO GET /api/cart 200 10ms
2026-09-26T20:17:50.250Z INFO GET /api/cart 200 11ms
2026-09-26T20:17:50.250Z INFO GET /api/cart 200 12ms
2026-09-26T20:17:50.250Z INFO GET /api/cart 200 8ms
2026-09-26T20:17:50.250Z INFO GET /api/cart 200 9ms
2026-09-26T20:17:50.250Z INFO GET /api/cart 200 10ms
2026-09-26T20:17:50.250Z INFO GET /api/cart 200 11ms
2026-09-26T20:17:50.250Z INFO GET /api/cart 200 12ms
2026-09-26T20:17:50.250Z INFO GET /api/cart 200 8ms
2026-09-26T20:17:50.250Z INFO GET /api/cart 200 9ms
2026-09-26T20:17:50.250Z INFO GET /api/cart 200 10ms
2026-09-26T20:17:50.250Z INFO GET /api/cart 200 11ms
2026-09-26T20:17:50.250Z INFO GET /api/cart 200 12ms
2026-09-26T20:17:50.250Z INFO GET /api/cart 200 8ms
2026-09-26T20:17:50.250Z INFO GET /api/cart 200 9ms
2026-09-26T20:17:50.250Z INFO GET /api/cart 200 10ms
2026-09-26T20:17:50.250Z INFO GET /api/cart 200 11ms
2026-09-26T20:17:50.250Z INFO GET /api/cart 200 12ms
2026-09-26T20:17:50.250Z INFO GET /api/cart 200 8ms
2026-09-26T20:17:50.250Z INFO GET /api/cart 200 9ms
2026-09-26T20:17:50.250Z INFO GET /api/cart 200 10ms
2026-09-26T20:17:50.250Z INFO GET /api/cart 200 11ms
2026-09-26T20:17:50.250Z INFO GET /api/cart 200 12ms
