TypeError: Cannot read properties of undefined (reading 'user')
    at loadUser (/home/dev/app/node/app.js:3:45)
    at /home/dev/app/node/app.js:4:52
    at Layer.handle [as handle_request] (/home/dev/app/node/node_modules/express/lib/router/layer.js:95:5)
    at next (/home/dev/app/node/node_modules/express/lib/router/route.js:149:13)
    at Route.dispatch (/home/dev/app/node/node_modules/express/lib/router/route.js:119:3)
    at Layer.handle [as handle_request] (/home/dev/app/node/node_modules/express/lib/router/layer.js:95:5)
    at /home/dev/app/node/node_modules/express/lib/router/index.js:284:15
    at Function.process_params (/home/dev/app/node/node_modules/express/lib/router/index.js:346:12)
    at next (/home/dev/app/node/node_modules/express/lib/router/index.js:280:10)
    at expressInit (/home/dev/app/node/node_modules/express/lib/middleware/init.js:40:5)
    at Layer.handle [as handle_request] (/home/dev/app/node/node_modules/express/lib/router/layer.js:95:5)
    at trim_prefix (/home/dev/app/node/node_modules/express/lib/router/index.js:328:13)
    at /home/dev/app/node/node_modules/express/lib/router/index.js:286:9
    at Function.process_params (/home/dev/app/node/node_modules/express/lib/router/index.js:346:12)
    at next (/home/dev/app/node/node_modules/express/lib/router/index.js:280:10)
    at query (/home/dev/app/node/node_modules/express/lib/middleware/query.js:45:5)
    at Layer.handle [as handle_request] (/home/dev/app/node/node_modules/express/lib/router/layer.js:95:5)
    at trim_prefix (/home/dev/app/node/node_modules/express/lib/router/index.js:328:13)
    at /home/dev/app/node/node_modules/express/lib/router/index.js:286:9
    at Function.process_params (/home/dev/app/node/node_modules/express/lib/router/index.js:346:12)
    at next (/home/dev/app/node/node_modules/express/lib/router/index.js:280:10)
    at Function.handle (/home/dev/app/node/node_modules/express/lib/router/index.js:175:3)
    at Function.handle (/home/dev/app/node/node_modules/express/lib/application.js:181:10)
    at Server.app (/home/dev/app/node/node_modules/express/lib/express.js:39:9)
    at Server.emit (node:events:524:28)
    at parserOnIncoming (node:_http_server:1139:12)
    at HTTPParser.parserOnHeadersComplete (node:_http_common:118:17)
